// Vitest Snapshot v1, https://vitest.dev/guide/snapshot.html

exports[`Header.jsx > Header navbar navigation components 1`] = `
<header>
  <nav
    className="nav-style navbar navbar-expand-lg navbar-light"
  >
    <div
      className="container-fluid"
    >
      <a
        className="active navbar-brand"
        href="/"
        onClick={[Function]}
        style={{}}
      >
        <img
          alt=""
          className="logo"
          src="/src/assets/LogoBlack.png"
        />
         
        TravelGo
      </a>
      <button
        aria-controls="basic-navbar-nav"
        aria-label="Toggle navigation"
        className="navbar-toggler collapsed"
        onClick={[Function]}
        type="button"
      >
        <span
          className="navbar-toggler-icon"
        />
      </button>
      <div
        aria-expanded={null}
        className="navbar-collapse collapse"
        id="basic-navbar-nav"
      >
        <div
          className="me-auto nav-content navbar-nav"
          onKeyDown={[Function]}
        >
          <div
            className="me-auto navContent navbar-nav"
            onKeyDown={[Function]}
          >
            <a
              className="active nav-link"
              data-rr-ui-event-key="/"
              disabled={false}
              href="/"
              onClick={[Function]}
              style={{}}
            >
              Home
            </a>
            <a
              className="nav-link"
              data-rr-ui-event-key="/Services"
              disabled={false}
              href="/Services"
              onClick={[Function]}
              style={null}
            >
              Services
            </a>
            <a
              className="nav-link"
              data-rr-ui-event-key="/Bookings"
              disabled={false}
              href="/Bookings"
              onClick={[Function]}
              style={null}
            >
              Bookings
            </a>
            <a
              className="nav-link"
              data-rr-ui-event-key="/Terms"
              disabled={false}
              href="/Terms"
              onClick={[Function]}
              style={null}
            >
              Terms & Conditions
            </a>
            <a
              className="nav-link"
              data-rr-ui-event-key="/ContactUs"
              disabled={false}
              href="/ContactUs"
              onClick={[Function]}
              style={null}
            >
              Contact Us
            </a>
          </div>
        </div>
        <div
          className="end-nav navbar-nav"
          onKeyDown={[Function]}
        >
          <a
            className="small-icon-link nav-link"
            data-rr-ui-event-key="/login"
            disabled={false}
            href="/login"
            onClick={[Function]}
            style={null}
          >
            <svg
              fill="currentColor"
              height="1em"
              stroke="currentColor"
              strokeWidth="0"
              style={
                {
                  "color": undefined,
                }
              }
              viewBox="0 0 512 512"
              width="1em"
              xmlns="http://www.w3.org/2000/svg"
            >
              <path
                d="M416 448h-84c-6.6 0-12-5.4-12-12v-40c0-6.6 5.4-12 12-12h84c17.7 0 32-14.3 32-32V160c0-17.7-14.3-32-32-32h-84c-6.6 0-12-5.4-12-12V76c0-6.6 5.4-12 12-12h84c53 0 96 43 96 96v192c0 53-43 96-96 96zm-47-201L201 79c-15-15-41-4.5-41 17v96H24c-13.3 0-24 10.7-24 24v96c0 13.3 10.7 24 24 24h136v96c0 21.5 26 32 41 17l168-168c9.3-9.4 9.3-24.6 0-34z"
              />
            </svg>
             
            <span
              className="nav-link-text"
            >
              Sign In
            </span>
          </a>
          <a
            className="small-icon-link nav-link"
            data-rr-ui-event-key="/register"
            disabled={false}
            href="/register"
            onClick={[Function]}
            style={null}
          >
            <svg
              fill="currentColor"
              height="1em"
              stroke="currentColor"
              strokeWidth="0"
              style={
                {
                  "color": undefined,
                }
              }
              viewBox="0 0 512 512"
              width="1em"
              xmlns="http://www.w3.org/2000/svg"
            >
              <path
                d="M497 273L329 441c-15 15-41 4.5-41-17v-96H152c-13.3 0-24-10.7-24-24v-96c0-13.3 10.7-24 24-24h136V88c0-21.4 25.9-32 41-17l168 168c9.3 9.4 9.3 24.6 0 34zM192 436v-40c0-6.6-5.4-12-12-12H96c-17.7 0-32-14.3-32-32V160c0-17.7 14.3-32 32-32h84c6.6 0 12-5.4 12-12V76c0-6.6-5.4-12-12-12H96c-53 0-96 43-96 96v192c0 53 43 96 96 96h84c6.6 0 12-5.4 12-12z"
              />
            </svg>
             
            <span
              className="nav-link-text"
            >
              Sign Up
            </span>
          </a>
        </div>
      </div>
    </div>
  </nav>
</header>
`;

exports[`Header.jsx > Header navbar navigation components redirects to correct location 1`] = `
<header>
  <nav
    className="nav-style navbar navbar-expand-lg navbar-light"
  >
    <div
      className="container-fluid"
    >
      <a
        className="active navbar-brand"
        href="/"
        onClick={[Function]}
        style={{}}
      >
        <img
          alt=""
          className="logo"
          src="/src/assets/LogoBlack.png"
        />
         
        TravelGo
      </a>
      <button
        aria-controls="basic-navbar-nav"
        aria-label="Toggle navigation"
        className="navbar-toggler collapsed"
        onClick={[Function]}
        type="button"
      >
        <span
          className="navbar-toggler-icon"
        />
      </button>
      <div
        aria-expanded={null}
        className="navbar-collapse collapse"
        id="basic-navbar-nav"
      >
        <div
          className="me-auto nav-content navbar-nav"
          onKeyDown={[Function]}
        >
          <div
            className="me-auto navContent navbar-nav"
            onKeyDown={[Function]}
          >
            <a
              className="active nav-link"
              data-rr-ui-event-key="/"
              disabled={false}
              href="/"
              onClick={[Function]}
              style={{}}
            >
              Home
            </a>
            <a
              className="nav-link"
              data-rr-ui-event-key="/Services"
              disabled={false}
              href="/Services"
              onClick={[Function]}
              style={null}
            >
              Services
            </a>
            <a
              className="nav-link"
              data-rr-ui-event-key="/Bookings"
              disabled={false}
              href="/Bookings"
              onClick={[Function]}
              style={null}
            >
              Bookings
            </a>
            <a
              className="nav-link"
              data-rr-ui-event-key="/Terms"
              disabled={false}
              href="/Terms"
              onClick={[Function]}
              style={null}
            >
              Terms & Conditions
            </a>
            <a
              className="nav-link"
              data-rr-ui-event-key="/ContactUs"
              disabled={false}
              href="/ContactUs"
              onClick={[Function]}
              style={null}
            >
              Contact Us
            </a>
          </div>
        </div>
        <div
          className="end-nav navbar-nav"
          onKeyDown={[Function]}
        >
          <a
            className="small-icon-link nav-link"
            data-rr-ui-event-key="/login"
            disabled={false}
            href="/login"
            onClick={[Function]}
            style={null}
          >
            <svg
              fill="currentColor"
              height="1em"
              stroke="currentColor"
              strokeWidth="0"
              style={
                {
                  "color": undefined,
                }
              }
              viewBox="0 0 512 512"
              width="1em"
              xmlns="http://www.w3.org/2000/svg"
            >
              <path
                d="M416 448h-84c-6.6 0-12-5.4-12-12v-40c0-6.6 5.4-12 12-12h84c17.7 0 32-14.3 32-32V160c0-17.7-14.3-32-32-32h-84c-6.6 0-12-5.4-12-12V76c0-6.6 5.4-12 12-12h84c53 0 96 43 96 96v192c0 53-43 96-96 96zm-47-201L201 79c-15-15-41-4.5-41 17v96H24c-13.3 0-24 10.7-24 24v96c0 13.3 10.7 24 24 24h136v96c0 21.5 26 32 41 17l168-168c9.3-9.4 9.3-24.6 0-34z"
              />
            </svg>
             
            <span
              className="nav-link-text"
            >
              Sign In
            </span>
          </a>
          <a
            className="small-icon-link nav-link"
            data-rr-ui-event-key="/register"
            disabled={false}
            href="/register"
            onClick={[Function]}
            style={null}
          >
            <svg
              fill="currentColor"
              height="1em"
              stroke="currentColor"
              strokeWidth="0"
              style={
                {
                  "color": undefined,
                }
              }
              viewBox="0 0 512 512"
              width="1em"
              xmlns="http://www.w3.org/2000/svg"
            >
              <path
                d="M497 273L329 441c-15 15-41 4.5-41-17v-96H152c-13.3 0-24-10.7-24-24v-96c0-13.3 10.7-24 24-24h136V88c0-21.4 25.9-32 41-17l168 168c9.3 9.4 9.3 24.6 0 34zM192 436v-40c0-6.6-5.4-12-12-12H96c-17.7 0-32-14.3-32-32V160c0-17.7 14.3-32 32-32h84c6.6 0 12-5.4 12-12V76c0-6.6-5.4-12-12-12H96c-53 0-96 43-96 96v192c0 53 43 96 96 96h84c6.6 0 12-5.4 12-12z"
              />
            </svg>
             
            <span
              className="nav-link-text"
            >
              Sign Up
            </span>
          </a>
        </div>
      </div>
    </div>
  </nav>
</header>
`;

exports[`Header.jsx > renders Header  1`] = `
<header>
  <nav
    className="nav-style navbar navbar-expand-lg navbar-light"
  >
    <div
      className="container-fluid"
    >
      <a
        className="active navbar-brand"
        href="/"
        onClick={[Function]}
        style={{}}
      >
        <img
          alt=""
          className="logo"
          src="/src/assets/LogoBlack.png"
        />
         
        TravelGo
      </a>
      <button
        aria-controls="basic-navbar-nav"
        aria-label="Toggle navigation"
        className="navbar-toggler collapsed"
        onClick={[Function]}
        type="button"
      >
        <span
          className="navbar-toggler-icon"
        />
      </button>
      <div
        aria-expanded={null}
        className="navbar-collapse collapse"
        id="basic-navbar-nav"
      >
        <div
          className="me-auto nav-content navbar-nav"
          onKeyDown={[Function]}
        >
          <div
            className="me-auto navContent navbar-nav"
            onKeyDown={[Function]}
          >
            <a
              className="active nav-link"
              data-rr-ui-event-key="/"
              disabled={false}
              href="/"
              onClick={[Function]}
              style={{}}
            >
              Home
            </a>
            <a
              className="nav-link"
              data-rr-ui-event-key="/Services"
              disabled={false}
              href="/Services"
              onClick={[Function]}
              style={null}
            >
              Services
            </a>
            <a
              className="nav-link"
              data-rr-ui-event-key="/Bookings"
              disabled={false}
              href="/Bookings"
              onClick={[Function]}
              style={null}
            >
              Bookings
            </a>
            <a
              className="nav-link"
              data-rr-ui-event-key="/Terms"
              disabled={false}
              href="/Terms"
              onClick={[Function]}
              style={null}
            >
              Terms & Conditions
            </a>
            <a
              className="nav-link"
              data-rr-ui-event-key="/ContactUs"
              disabled={false}
              href="/ContactUs"
              onClick={[Function]}
              style={null}
            >
              Contact Us
            </a>
          </div>
        </div>
        <div
          className="end-nav navbar-nav"
          onKeyDown={[Function]}
        >
          <a
            className="small-icon-link nav-link"
            data-rr-ui-event-key="/login"
            disabled={false}
            href="/login"
            onClick={[Function]}
            style={null}
          >
            <svg
              fill="currentColor"
              height="1em"
              stroke="currentColor"
              strokeWidth="0"
              style={
                {
                  "color": undefined,
                }
              }
              viewBox="0 0 512 512"
              width="1em"
              xmlns="http://www.w3.org/2000/svg"
            >
              <path
                d="M416 448h-84c-6.6 0-12-5.4-12-12v-40c0-6.6 5.4-12 12-12h84c17.7 0 32-14.3 32-32V160c0-17.7-14.3-32-32-32h-84c-6.6 0-12-5.4-12-12V76c0-6.6 5.4-12 12-12h84c53 0 96 43 96 96v192c0 53-43 96-96 96zm-47-201L201 79c-15-15-41-4.5-41 17v96H24c-13.3 0-24 10.7-24 24v96c0 13.3 10.7 24 24 24h136v96c0 21.5 26 32 41 17l168-168c9.3-9.4 9.3-24.6 0-34z"
              />
            </svg>
             
            <span
              className="nav-link-text"
            >
              Sign In
            </span>
          </a>
          <a
            className="small-icon-link nav-link"
            data-rr-ui-event-key="/register"
            disabled={false}
            href="/register"
            onClick={[Function]}
            style={null}
          >
            <svg
              fill="currentColor"
              height="1em"
              stroke="currentColor"
              strokeWidth="0"
              style={
                {
                  "color": undefined,
                }
              }
              viewBox="0 0 512 512"
              width="1em"
              xmlns="http://www.w3.org/2000/svg"
            >
              <path
                d="M497 273L329 441c-15 15-41 4.5-41-17v-96H152c-13.3 0-24-10.7-24-24v-96c0-13.3 10.7-24 24-24h136V88c0-21.4 25.9-32 41-17l168 168c9.3 9.4 9.3 24.6 0 34zM192 436v-40c0-6.6-5.4-12-12-12H96c-17.7 0-32-14.3-32-32V160c0-17.7 14.3-32 32-32h84c6.6 0 12-5.4 12-12V76c0-6.6-5.4-12-12-12H96c-53 0-96 43-96 96v192c0 53 43 96 96 96h84c6.6 0 12-5.4 12-12z"
              />
            </svg>
             
            <span
              className="nav-link-text"
            >
              Sign Up
            </span>
          </a>
        </div>
      </div>
    </div>
  </nav>
</header>
`;

exports[`Header.jsx > renders Header component 1`] = `
<header>
  <nav
    className="nav-style navbar navbar-expand-lg navbar-light"
  >
    <div
      className="container-fluid"
    >
      <a
        className="active navbar-brand"
        href="/"
        onClick={[Function]}
        style={{}}
      >
        <img
          alt=""
          className="logo"
          src="/src/assets/LogoBlack.png"
        />
         
        TravelGo
      </a>
      <button
        aria-controls="basic-navbar-nav"
        aria-label="Toggle navigation"
        className="navbar-toggler collapsed"
        onClick={[Function]}
        type="button"
      >
        <span
          className="navbar-toggler-icon"
        />
      </button>
      <div
        aria-expanded={null}
        className="navbar-collapse collapse"
        id="basic-navbar-nav"
      >
        <div
          className="me-auto nav-content navbar-nav"
          onKeyDown={[Function]}
        >
          <div
            className="me-auto navContent navbar-nav"
            onKeyDown={[Function]}
          >
            <a
              className="active nav-link"
              data-rr-ui-event-key="/"
              disabled={false}
              href="/"
              onClick={[Function]}
              style={{}}
            >
              Home
            </a>
            <a
              className="nav-link"
              data-rr-ui-event-key="/Services"
              disabled={false}
              href="/Services"
              onClick={[Function]}
              style={null}
            >
              Services
            </a>
            <a
              className="nav-link"
              data-rr-ui-event-key="/Bookings"
              disabled={false}
              href="/Bookings"
              onClick={[Function]}
              style={null}
            >
              Bookings
            </a>
            <a
              className="nav-link"
              data-rr-ui-event-key="/Terms"
              disabled={false}
              href="/Terms"
              onClick={[Function]}
              style={null}
            >
              Terms & Conditions
            </a>
            <a
              className="nav-link"
              data-rr-ui-event-key="/ContactUs"
              disabled={false}
              href="/ContactUs"
              onClick={[Function]}
              style={null}
            >
              Contact Us
            </a>
          </div>
        </div>
        <div
          className="end-nav navbar-nav"
          onKeyDown={[Function]}
        >
          <a
            className="small-icon-link nav-link"
            data-rr-ui-event-key="/login"
            disabled={false}
            href="/login"
            onClick={[Function]}
            style={null}
          >
            <svg
              fill="currentColor"
              height="1em"
              stroke="currentColor"
              strokeWidth="0"
              style={
                {
                  "color": undefined,
                }
              }
              viewBox="0 0 512 512"
              width="1em"
              xmlns="http://www.w3.org/2000/svg"
            >
              <path
                d="M416 448h-84c-6.6 0-12-5.4-12-12v-40c0-6.6 5.4-12 12-12h84c17.7 0 32-14.3 32-32V160c0-17.7-14.3-32-32-32h-84c-6.6 0-12-5.4-12-12V76c0-6.6 5.4-12 12-12h84c53 0 96 43 96 96v192c0 53-43 96-96 96zm-47-201L201 79c-15-15-41-4.5-41 17v96H24c-13.3 0-24 10.7-24 24v96c0 13.3 10.7 24 24 24h136v96c0 21.5 26 32 41 17l168-168c9.3-9.4 9.3-24.6 0-34z"
              />
            </svg>
             
            <span
              className="nav-link-text"
            >
              Sign In
            </span>
          </a>
          <a
            className="small-icon-link nav-link"
            data-rr-ui-event-key="/register"
            disabled={false}
            href="/register"
            onClick={[Function]}
            style={null}
          >
            <svg
              fill="currentColor"
              height="1em"
              stroke="currentColor"
              strokeWidth="0"
              style={
                {
                  "color": undefined,
                }
              }
              viewBox="0 0 512 512"
              width="1em"
              xmlns="http://www.w3.org/2000/svg"
            >
              <path
                d="M497 273L329 441c-15 15-41 4.5-41-17v-96H152c-13.3 0-24-10.7-24-24v-96c0-13.3 10.7-24 24-24h136V88c0-21.4 25.9-32 41-17l168 168c9.3 9.4 9.3 24.6 0 34zM192 436v-40c0-6.6-5.4-12-12-12H96c-17.7 0-32-14.3-32-32V160c0-17.7 14.3-32 32-32h84c6.6 0 12-5.4 12-12V76c0-6.6-5.4-12-12-12H96c-53 0-96 43-96 96v192c0 53 43 96 96 96h84c6.6 0 12-5.4 12-12z"
              />
            </svg>
             
            <span
              className="nav-link-text"
            >
              Sign Up
            </span>
          </a>
        </div>
      </div>
    </div>
  </nav>
</header>
`;

exports[`Header.jsx > renders Header navbar navigation components 1`] = `
<header>
  <nav
    className="nav-style navbar navbar-expand-lg navbar-light"
  >
    <div
      className="container-fluid"
    >
      <a
        className="active navbar-brand"
        href="/"
        onClick={[Function]}
        style={{}}
      >
        <img
          alt=""
          className="logo"
          src="/src/assets/LogoBlack.png"
        />
         
        TravelGo
      </a>
      <button
        aria-controls="basic-navbar-nav"
        aria-label="Toggle navigation"
        className="navbar-toggler collapsed"
        onClick={[Function]}
        type="button"
      >
        <span
          className="navbar-toggler-icon"
        />
      </button>
      <div
        aria-expanded={null}
        className="navbar-collapse collapse"
        id="basic-navbar-nav"
      >
        <div
          className="me-auto nav-content navbar-nav"
          onKeyDown={[Function]}
        >
          <div
            className="me-auto navContent navbar-nav"
            onKeyDown={[Function]}
          >
            <a
              className="active nav-link"
              data-rr-ui-event-key="/"
              disabled={false}
              href="/"
              onClick={[Function]}
              style={{}}
            >
              Home
            </a>
            <a
              className="nav-link"
              data-rr-ui-event-key="/Services"
              disabled={false}
              href="/Services"
              onClick={[Function]}
              style={null}
            >
              Services
            </a>
            <a
              className="nav-link"
              data-rr-ui-event-key="/Bookings"
              disabled={false}
              href="/Bookings"
              onClick={[Function]}
              style={null}
            >
              Bookings
            </a>
            <a
              className="nav-link"
              data-rr-ui-event-key="/Terms"
              disabled={false}
              href="/Terms"
              onClick={[Function]}
              style={null}
            >
              Terms & Conditions
            </a>
            <a
              className="nav-link"
              data-rr-ui-event-key="/ContactUs"
              disabled={false}
              href="/ContactUs"
              onClick={[Function]}
              style={null}
            >
              Contact Us
            </a>
          </div>
        </div>
        <div
          className="end-nav navbar-nav"
          onKeyDown={[Function]}
        >
          <a
            className="small-icon-link nav-link"
            data-rr-ui-event-key="/login"
            disabled={false}
            href="/login"
            onClick={[Function]}
            style={null}
          >
            <svg
              fill="currentColor"
              height="1em"
              stroke="currentColor"
              strokeWidth="0"
              style={
                {
                  "color": undefined,
                }
              }
              viewBox="0 0 512 512"
              width="1em"
              xmlns="http://www.w3.org/2000/svg"
            >
              <path
                d="M416 448h-84c-6.6 0-12-5.4-12-12v-40c0-6.6 5.4-12 12-12h84c17.7 0 32-14.3 32-32V160c0-17.7-14.3-32-32-32h-84c-6.6 0-12-5.4-12-12V76c0-6.6 5.4-12 12-12h84c53 0 96 43 96 96v192c0 53-43 96-96 96zm-47-201L201 79c-15-15-41-4.5-41 17v96H24c-13.3 0-24 10.7-24 24v96c0 13.3 10.7 24 24 24h136v96c0 21.5 26 32 41 17l168-168c9.3-9.4 9.3-24.6 0-34z"
              />
            </svg>
             
            <span
              className="nav-link-text"
            >
              Sign In
            </span>
          </a>
          <a
            className="small-icon-link nav-link"
            data-rr-ui-event-key="/register"
            disabled={false}
            href="/register"
            onClick={[Function]}
            style={null}
          >
            <svg
              fill="currentColor"
              height="1em"
              stroke="currentColor"
              strokeWidth="0"
              style={
                {
                  "color": undefined,
                }
              }
              viewBox="0 0 512 512"
              width="1em"
              xmlns="http://www.w3.org/2000/svg"
            >
              <path
                d="M497 273L329 441c-15 15-41 4.5-41-17v-96H152c-13.3 0-24-10.7-24-24v-96c0-13.3 10.7-24 24-24h136V88c0-21.4 25.9-32 41-17l168 168c9.3 9.4 9.3 24.6 0 34zM192 436v-40c0-6.6-5.4-12-12-12H96c-17.7 0-32-14.3-32-32V160c0-17.7 14.3-32 32-32h84c6.6 0 12-5.4 12-12V76c0-6.6-5.4-12-12-12H96c-53 0-96 43-96 96v192c0 53 43 96 96 96h84c6.6 0 12-5.4 12-12z"
              />
            </svg>
             
            <span
              className="nav-link-text"
            >
              Sign Up
            </span>
          </a>
        </div>
      </div>
    </div>
  </nav>
</header>
`;
