// Vitest Snapshot v1, https://vitest.dev/guide/snapshot.html

exports[`Home Page/HeroSection.jsx > Input fields takes correct input types 1`] = `
<section
  className="hero-section"
>
  <div
    className="hero-background"
  />
  <div
    className="hero-content container"
  >
    <div>
      <p>
        Hello Travellers
      </p>
      <h1>
        make your booking
        <br />
        experience easy!
      </h1>
    </div>
    <div
      className="search-form"
    >
      <div
        className="glass-container-extend"
      >
        <div
          className="dropdown-class"
        >
          <label
            className="dropdown-label"
          >
            From
          </label>
          <select>
            <option>
              Loading
            </option>
          </select>
        </div>
        <div
          className="dropdown-class"
        >
          <label
            className="dropdown-label"
          >
            To
          </label>
          <select>
            <option>
              Loading
            </option>
          </select>
        </div>
        <div
          className="dropdown-class"
        >
          <label
            className="dropdown-label"
          >
            Date
          </label>
          <input
            placeholder="Date"
            type="date"
          />
        </div>
        <div
          className="search-btn"
        >
          <a
            className="button-extend btn btn-primary"
            disabled={false}
            href="/booking"
            onClick={[Function]}
            onKeyDown={[Function]}
            role="button"
            style={null}
            tabIndex={0}
          >
            Search
          </a>
        </div>
      </div>
    </div>
  </div>
</section>
`;

exports[`Home Page/HeroSection.jsx > Renders correctly 1`] = `
<section
  className="hero-section"
>
  <div
    className="hero-background"
  />
  <div
    className="hero-content container"
  >
    <div>
      <p>
        Hello Travellers
      </p>
      <h1>
        make your booking
        <br />
        experience easy!
      </h1>
    </div>
    <div
      className="search-form"
    >
      <div
        className="glass-container-extend"
      >
        <div
          className="dropdown-class"
        >
          <label
            className="dropdown-label"
          >
            From
          </label>
          <select>
            <option>
              Loading
            </option>
          </select>
        </div>
        <div
          className="dropdown-class"
        >
          <label
            className="dropdown-label"
          >
            To
          </label>
          <select>
            <option>
              Loading
            </option>
          </select>
        </div>
        <div
          className="dropdown-class"
        >
          <label
            className="dropdown-label"
          >
            Date
          </label>
          <input
            placeholder="Date"
            type="date"
          />
        </div>
        <div
          className="search-btn"
        >
          <a
            className="button-extend btn btn-primary"
            disabled={false}
            href="/booking"
            onClick={[Function]}
            onKeyDown={[Function]}
            role="button"
            style={null}
            tabIndex={0}
          >
            Search
          </a>
        </div>
      </div>
    </div>
  </div>
</section>
`;
